// Jest Snapshot v1, https://goo.gl/fbAQLP

exports[`<EmbeddedReport /> renders correctly 1`] = `<div />`;
